PRU Assembler Unix v2.3.1 Sun Mar 31 20:55:34 2019

Tools Copyright (c) 2012-2017 Texas Instruments Incorporated
pru1_pru_mailbox.asm                                                 PAGE    1

       1;******************************************************************************
       2;* PRU C/C++ Codegen                                              Unix v2.3.1 *
       3;* Date/Time created: Sun Mar 31 20:55:33 2019                                *
       4;******************************************************************************
       5        .compiler_opts --abi=eabi --endian=little --hll_source=on --object_format=elf --silicon_versio
       6
       7$C$DW$CU        .dwtag  DW_TAG_compile_unit
       8        .dwattr $C$DW$CU, DW_AT_name("pru1_pru_mailbox.c")
       9        .dwattr $C$DW$CU, DW_AT_producer("TI PRU C/C++ Codegen Unix v2.3.1 Copyright (c) 2012-2017 Tex
      10        .dwattr $C$DW$CU, DW_AT_TI_version(0x01)
      11        .dwattr $C$DW$CU, DW_AT_comp_dir("/home/joerg/retrocmp/dec/UniBone/10.01_base/2_src/pru1")
      12        .global ||pru_pru_mailbox||
      13 00000000                 ||pru_pru_mailbox||:    .usect  ".pru_pru_mailbox_sec",4,1
      14$C$DW$1 .dwtag  DW_TAG_variable
      15        .dwattr $C$DW$1, DW_AT_name("pru_pru_mailbox")
      16        .dwattr $C$DW$1, DW_AT_TI_symbol_name("pru_pru_mailbox")
      17        .dwattr $C$DW$1, DW_AT_location[DW_OP_addr ||pru_pru_mailbox||]
      18        .dwattr $C$DW$1, DW_AT_type(*$C$DW$T$22)
      19        .dwattr $C$DW$1, DW_AT_external
      20        .dwattr $C$DW$1, DW_AT_decl_file("pru1_pru_mailbox.c")
      21        .dwattr $C$DW$1, DW_AT_decl_line(0x2b)
      22        .dwattr $C$DW$1, DW_AT_decl_column(0x1c)
      23
      24;       /home/joerg/retrocmp/dec/UniBone/91_3rd_party/pru-c-compile/ti-cgt-pru_2.3.1//bin/optpru --gen
      25;       /home/joerg/retrocmp/dec/UniBone/91_3rd_party/pru-c-compile/ti-cgt-pru_2.3.1//bin/acpiapru -@/
      26
      27;******************************************************************************
      28;* TYPE INFORMATION                                                           *
      29;******************************************************************************
      30
      31$C$DW$T$20      .dwtag  DW_TAG_structure_type
      32        .dwattr $C$DW$T$20, DW_AT_byte_size(0x04)
      33$C$DW$2 .dwtag  DW_TAG_member
      34        .dwattr $C$DW$2, DW_AT_type(*$C$DW$T$19)
      35        .dwattr $C$DW$2, DW_AT_name("xxx_pru0_r30")
      36        .dwattr $C$DW$2, DW_AT_TI_symbol_name("xxx_pru0_r30")
      37        .dwattr $C$DW$2, DW_AT_data_member_location[DW_OP_plus_uconst 0x0]
      38        .dwattr $C$DW$2, DW_AT_accessibility(DW_ACCESS_public)
      39        .dwattr $C$DW$2, DW_AT_decl_file("/home/joerg/retrocmp/dec/UniBone/10.01_base/2_src/shared/pru
      40        .dwattr $C$DW$2, DW_AT_decl_line(0x24)
      41        .dwattr $C$DW$2, DW_AT_decl_column(0x0b)
      42
      43        .dwattr $C$DW$T$20, DW_AT_decl_file("/home/joerg/retrocmp/dec/UniBone/10.01_base/2_src/shared/
      44        .dwattr $C$DW$T$20, DW_AT_decl_line(0x20)
      45        .dwattr $C$DW$T$20, DW_AT_decl_column(0x10)
      46        .dwendtag $C$DW$T$20
      47
      48$C$DW$T$21      .dwtag  DW_TAG_typedef
      49        .dwattr $C$DW$T$21, DW_AT_name("pru_pru_mailbox_t")
      50        .dwattr $C$DW$T$21, DW_AT_type(*$C$DW$T$20)
      51        .dwattr $C$DW$T$21, DW_AT_language(DW_LANG_C)
      52        .dwattr $C$DW$T$21, DW_AT_decl_file("/home/joerg/retrocmp/dec/UniBone/10.01_base/2_src/shared/
      53        .dwattr $C$DW$T$21, DW_AT_decl_line(0x26)
      54        .dwattr $C$DW$T$21, DW_AT_decl_column(0x03)
      55
PRU Assembler Unix v2.3.1 Sun Mar 31 20:55:34 2019

Tools Copyright (c) 2012-2017 Texas Instruments Incorporated
pru1_pru_mailbox.asm                                                 PAGE    2

      56$C$DW$T$22      .dwtag  DW_TAG_volatile_type
      57        .dwattr $C$DW$T$22, DW_AT_type(*$C$DW$T$21)
      58
      59$C$DW$T$2       .dwtag  DW_TAG_unspecified_type
      60        .dwattr $C$DW$T$2, DW_AT_name("void")
      61
      62$C$DW$T$4       .dwtag  DW_TAG_base_type
      63        .dwattr $C$DW$T$4, DW_AT_encoding(DW_ATE_boolean)
      64        .dwattr $C$DW$T$4, DW_AT_name("bool")
      65        .dwattr $C$DW$T$4, DW_AT_byte_size(0x01)
      66
      67$C$DW$T$5       .dwtag  DW_TAG_base_type
      68        .dwattr $C$DW$T$5, DW_AT_encoding(DW_ATE_signed_char)
      69        .dwattr $C$DW$T$5, DW_AT_name("signed char")
      70        .dwattr $C$DW$T$5, DW_AT_byte_size(0x01)
      71
      72$C$DW$T$6       .dwtag  DW_TAG_base_type
      73        .dwattr $C$DW$T$6, DW_AT_encoding(DW_ATE_unsigned_char)
      74        .dwattr $C$DW$T$6, DW_AT_name("unsigned char")
      75        .dwattr $C$DW$T$6, DW_AT_byte_size(0x01)
      76
      77$C$DW$T$7       .dwtag  DW_TAG_base_type
      78        .dwattr $C$DW$T$7, DW_AT_encoding(DW_ATE_signed_char)
      79        .dwattr $C$DW$T$7, DW_AT_name("wchar_t")
      80        .dwattr $C$DW$T$7, DW_AT_byte_size(0x04)
      81
      82$C$DW$T$8       .dwtag  DW_TAG_base_type
      83        .dwattr $C$DW$T$8, DW_AT_encoding(DW_ATE_signed)
      84        .dwattr $C$DW$T$8, DW_AT_name("short")
      85        .dwattr $C$DW$T$8, DW_AT_byte_size(0x02)
      86
      87$C$DW$T$9       .dwtag  DW_TAG_base_type
      88        .dwattr $C$DW$T$9, DW_AT_encoding(DW_ATE_unsigned)
      89        .dwattr $C$DW$T$9, DW_AT_name("unsigned short")
      90        .dwattr $C$DW$T$9, DW_AT_byte_size(0x02)
      91
      92$C$DW$T$10      .dwtag  DW_TAG_base_type
      93        .dwattr $C$DW$T$10, DW_AT_encoding(DW_ATE_signed)
      94        .dwattr $C$DW$T$10, DW_AT_name("int")
      95        .dwattr $C$DW$T$10, DW_AT_byte_size(0x04)
      96
      97$C$DW$T$11      .dwtag  DW_TAG_base_type
      98        .dwattr $C$DW$T$11, DW_AT_encoding(DW_ATE_unsigned)
      99        .dwattr $C$DW$T$11, DW_AT_name("unsigned int")
     100        .dwattr $C$DW$T$11, DW_AT_byte_size(0x04)
     101
     102$C$DW$T$19      .dwtag  DW_TAG_typedef
     103        .dwattr $C$DW$T$19, DW_AT_name("uint32_t")
     104        .dwattr $C$DW$T$19, DW_AT_type(*$C$DW$T$11)
     105        .dwattr $C$DW$T$19, DW_AT_language(DW_LANG_C)
     106        .dwattr $C$DW$T$19, DW_AT_decl_file("/home/joerg/retrocmp/dec/UniBone/91_3rd_party/pru-c-compi
     107        .dwattr $C$DW$T$19, DW_AT_decl_line(0x41)
     108        .dwattr $C$DW$T$19, DW_AT_decl_column(0x1c)
     109
     110$C$DW$T$12      .dwtag  DW_TAG_base_type
PRU Assembler Unix v2.3.1 Sun Mar 31 20:55:34 2019

Tools Copyright (c) 2012-2017 Texas Instruments Incorporated
pru1_pru_mailbox.asm                                                 PAGE    3

     111        .dwattr $C$DW$T$12, DW_AT_encoding(DW_ATE_signed)
     112        .dwattr $C$DW$T$12, DW_AT_name("long")
     113        .dwattr $C$DW$T$12, DW_AT_byte_size(0x04)
     114
     115$C$DW$T$13      .dwtag  DW_TAG_base_type
     116        .dwattr $C$DW$T$13, DW_AT_encoding(DW_ATE_unsigned)
     117        .dwattr $C$DW$T$13, DW_AT_name("unsigned long")
     118        .dwattr $C$DW$T$13, DW_AT_byte_size(0x04)
     119
     120$C$DW$T$14      .dwtag  DW_TAG_base_type
     121        .dwattr $C$DW$T$14, DW_AT_encoding(DW_ATE_signed)
     122        .dwattr $C$DW$T$14, DW_AT_name("long long")
     123        .dwattr $C$DW$T$14, DW_AT_byte_size(0x08)
     124
     125$C$DW$T$15      .dwtag  DW_TAG_base_type
     126        .dwattr $C$DW$T$15, DW_AT_encoding(DW_ATE_unsigned)
     127        .dwattr $C$DW$T$15, DW_AT_name("unsigned long long")
     128        .dwattr $C$DW$T$15, DW_AT_byte_size(0x08)
     129
     130$C$DW$T$16      .dwtag  DW_TAG_base_type
     131        .dwattr $C$DW$T$16, DW_AT_encoding(DW_ATE_float)
     132        .dwattr $C$DW$T$16, DW_AT_name("float")
     133        .dwattr $C$DW$T$16, DW_AT_byte_size(0x04)
     134
     135$C$DW$T$17      .dwtag  DW_TAG_base_type
     136        .dwattr $C$DW$T$17, DW_AT_encoding(DW_ATE_float)
     137        .dwattr $C$DW$T$17, DW_AT_name("double")
     138        .dwattr $C$DW$T$17, DW_AT_byte_size(0x08)
     139
     140$C$DW$T$18      .dwtag  DW_TAG_base_type
     141        .dwattr $C$DW$T$18, DW_AT_encoding(DW_ATE_float)
     142        .dwattr $C$DW$T$18, DW_AT_name("long double")
     143        .dwattr $C$DW$T$18, DW_AT_byte_size(0x08)
     144
     145        .dwattr $C$DW$CU, DW_AT_language(DW_LANG_C)
     146        .dwendtag $C$DW$CU
     147

No Assembly Errors, No Assembly Warnings
